exports[`test presents a user 1`] = `
Object {
  "avatarUrl": "http://example.com/avatar.png",
  "id": "123",
  "name": "Test User",
  "username": "testuser"
}
`;
